// Jest Snapshot v1, https://goo.gl/fbAQLP

exports[`<Button /> should render the button 1`] = `
<main
  class=""
>
  <button>
    Button
  </button>
</main>
`;
